
===========================================================================
report_checks -path_delay min (Hold)
============================================================================
Startpoint: io_in[1] (input port clocked by io_in[0])
Endpoint: _513_ (removal check against rising-edge clock io_in[0])
Path Group: **async_default**
Path Type: min

Fanout     Cap    Slew   Delay    Time   Description
-----------------------------------------------------------------------------
                          0.00    0.00   clock io_in[0] (rise edge)
                          0.00    0.00   clock network delay (propagated)
                       2000.00 2000.00 v input external delay
                  0.01    0.01 2000.01 v io_in[1] (in)
     1    0.01                           io_in[1] (net)
                  0.01    0.00 2000.01 v input1/A (sky130_fd_sc_hd__clkbuf_1)
                  0.09    0.12 2000.13 v input1/X (sky130_fd_sc_hd__clkbuf_1)
     4    0.02                           net1 (net)
                  0.09    0.00 2000.13 v _223_/A (sky130_fd_sc_hd__clkbuf_2)
                  0.10    0.17 2000.31 v _223_/X (sky130_fd_sc_hd__clkbuf_2)
     5    0.02                           _043_ (net)
                  0.10    0.00 2000.31 v _224_/A (sky130_fd_sc_hd__clkbuf_2)
                  0.11    0.19 2000.49 v _224_/X (sky130_fd_sc_hd__clkbuf_2)
     5    0.03                           _044_ (net)
                  0.11    0.00 2000.49 v _467_/A (sky130_fd_sc_hd__nand2_2)
                  0.06    0.09 2000.58 ^ _467_/Y (sky130_fd_sc_hd__nand2_2)
     1    0.01                           _001_ (net)
                  0.06    0.00 2000.58 ^ _513_/RESET_B (sky130_fd_sc_hd__dfrtp_1)
                               2000.58   data arrival time

                          0.00    0.00   clock io_in[0] (rise edge)
                          0.00    0.00   clock source latency
                  0.06    0.05    0.05 ^ io_in[0] (in)
     1    0.01                           io_in[0] (net)
                  0.06    0.00    0.05 ^ clkbuf_0_io_in[0]/A (sky130_fd_sc_hd__clkbuf_16)
                  0.04    0.14    0.18 ^ clkbuf_0_io_in[0]/X (sky130_fd_sc_hd__clkbuf_16)
     2    0.02                           clknet_0_io_in[0] (net)
                  0.04    0.00    0.18 ^ clkbuf_1_0__f_io_in[0]/A (sky130_fd_sc_hd__clkbuf_16)
                  0.03    0.12    0.30 ^ clkbuf_1_0__f_io_in[0]/X (sky130_fd_sc_hd__clkbuf_16)
     3    0.01                           clknet_1_0__leaf_io_in[0] (net)
                  0.03    0.00    0.30 ^ _513_/CLK (sky130_fd_sc_hd__dfrtp_1)
                          0.25    0.55   clock uncertainty
                          0.00    0.55   clock reconvergence pessimism
                          0.32    0.87   library removal time
                                  0.87   data required time
-----------------------------------------------------------------------------
                                  0.87   data required time
                               -2000.58   data arrival time
-----------------------------------------------------------------------------
                               1999.71   slack (MET)


Startpoint: io_in[1] (input port clocked by io_in[0])
Endpoint: _519_ (removal check against rising-edge clock io_in[0])
Path Group: **async_default**
Path Type: min

Fanout     Cap    Slew   Delay    Time   Description
-----------------------------------------------------------------------------
                          0.00    0.00   clock io_in[0] (rise edge)
                          0.00    0.00   clock network delay (propagated)
                       2000.00 2000.00 v input external delay
                  0.01    0.01 2000.01 v io_in[1] (in)
     1    0.01                           io_in[1] (net)
                  0.01    0.00 2000.01 v input1/A (sky130_fd_sc_hd__clkbuf_1)
                  0.09    0.12 2000.13 v input1/X (sky130_fd_sc_hd__clkbuf_1)
     4    0.02                           net1 (net)
                  0.09    0.00 2000.13 v _223_/A (sky130_fd_sc_hd__clkbuf_2)
                  0.10    0.17 2000.31 v _223_/X (sky130_fd_sc_hd__clkbuf_2)
     5    0.02                           _043_ (net)
                  0.10    0.00 2000.31 v _471_/A (sky130_fd_sc_hd__clkbuf_2)
                  0.14    0.21 2000.51 v _471_/X (sky130_fd_sc_hd__clkbuf_2)
     5    0.04                           _219_ (net)
                  0.14    0.00 2000.51 v _475_/A (sky130_fd_sc_hd__nand2_2)
                  0.06    0.10 2000.61 ^ _475_/Y (sky130_fd_sc_hd__nand2_2)
     1    0.01                           _008_ (net)
                  0.06    0.00 2000.61 ^ _519_/RESET_B (sky130_fd_sc_hd__dfrtp_1)
                               2000.61   data arrival time

                          0.00    0.00   clock io_in[0] (rise edge)
                          0.00    0.00   clock source latency
                  0.06    0.05    0.05 ^ io_in[0] (in)
     1    0.01                           io_in[0] (net)
                  0.06    0.00    0.05 ^ clkbuf_0_io_in[0]/A (sky130_fd_sc_hd__clkbuf_16)
                  0.04    0.14    0.18 ^ clkbuf_0_io_in[0]/X (sky130_fd_sc_hd__clkbuf_16)
     2    0.02                           clknet_0_io_in[0] (net)
                  0.04    0.00    0.18 ^ clkbuf_1_0__f_io_in[0]/A (sky130_fd_sc_hd__clkbuf_16)
                  0.03    0.12    0.30 ^ clkbuf_1_0__f_io_in[0]/X (sky130_fd_sc_hd__clkbuf_16)
     3    0.01                           clknet_1_0__leaf_io_in[0] (net)
                  0.03    0.00    0.30 ^ _519_/CLK (sky130_fd_sc_hd__dfrtp_1)
                          0.25    0.55   clock uncertainty
                          0.00    0.55   clock reconvergence pessimism
                          0.32    0.87   library removal time
                                  0.87   data required time
-----------------------------------------------------------------------------
                                  0.87   data required time
                               -2000.61   data arrival time
-----------------------------------------------------------------------------
                               1999.74   slack (MET)


Startpoint: _504_ (rising edge-triggered flip-flop clocked by io_in[0])
Endpoint: _504_ (rising edge-triggered flip-flop clocked by io_in[0])
Path Group: io_in[0]
Path Type: min

Fanout     Cap    Slew   Delay    Time   Description
-----------------------------------------------------------------------------
                          0.00    0.00   clock io_in[0] (rise edge)
                          0.00    0.00   clock source latency
                  0.06    0.04    0.04 ^ io_in[0] (in)
     1    0.01                           io_in[0] (net)
                  0.06    0.00    0.04 ^ clkbuf_0_io_in[0]/A (sky130_fd_sc_hd__clkbuf_16)
                  0.04    0.12    0.17 ^ clkbuf_0_io_in[0]/X (sky130_fd_sc_hd__clkbuf_16)
     2    0.02                           clknet_0_io_in[0] (net)
                  0.04    0.00    0.17 ^ clkbuf_1_0__f_io_in[0]/A (sky130_fd_sc_hd__clkbuf_16)
                  0.03    0.11    0.27 ^ clkbuf_1_0__f_io_in[0]/X (sky130_fd_sc_hd__clkbuf_16)
     3    0.01                           clknet_1_0__leaf_io_in[0] (net)
                  0.03    0.00    0.27 ^ _276_/A (sky130_fd_sc_hd__and3_2)
                  0.07    0.17    0.44 ^ _276_/X (sky130_fd_sc_hd__and3_2)
     1    0.01                           _082_ (net)
                  0.07    0.00    0.44 ^ _277_/A (sky130_fd_sc_hd__buf_1)
                  0.16    0.16    0.60 ^ _277_/X (sky130_fd_sc_hd__buf_1)
     1    0.01                           CIRCUIT_0.int_memory_1.GATES_16.result (net)
                  0.16    0.00    0.60 ^ clkbuf_0_CIRCUIT_0.int_memory_1.GATES_16.result/A (sky130_fd_sc_hd__clkbuf_16)
                  0.04    0.15    0.75 ^ clkbuf_0_CIRCUIT_0.int_memory_1.GATES_16.result/X (sky130_fd_sc_hd__clkbuf_16)
     2    0.02                           clknet_0_CIRCUIT_0.int_memory_1.GATES_16.result (net)
                  0.04    0.00    0.75 ^ clkbuf_1_0__f_CIRCUIT_0.int_memory_1.GATES_16.result/A (sky130_fd_sc_hd__clkbuf_16)
                  0.03    0.10    0.86 ^ clkbuf_1_0__f_CIRCUIT_0.int_memory_1.GATES_16.result/X (sky130_fd_sc_hd__clkbuf_16)
     2    0.00                           clknet_1_0__leaf_CIRCUIT_0.int_memory_1.GATES_16.result (net)
                  0.03    0.00    0.86 ^ _504_/CLK (sky130_fd_sc_hd__dfxtp_1)
                  0.07    0.30    1.16 ^ _504_/Q (sky130_fd_sc_hd__dfxtp_1)
     2    0.01                           CIRCUIT_0.int_memory_1.GATES_4.input2[0] (net)
                  0.07    0.00    1.16 ^ _458_/A1 (sky130_fd_sc_hd__a21o_1)
                  0.04    0.10    1.26 ^ _458_/X (sky130_fd_sc_hd__a21o_1)
     1    0.00                           _031_ (net)
                  0.04    0.00    1.26 ^ _504_/D (sky130_fd_sc_hd__dfxtp_1)
                                  1.26   data arrival time

                          0.00    0.00   clock io_in[0] (rise edge)
                          0.00    0.00   clock source latency
                  0.06    0.05    0.05 ^ io_in[0] (in)
     1    0.01                           io_in[0] (net)
                  0.06    0.00    0.05 ^ clkbuf_0_io_in[0]/A (sky130_fd_sc_hd__clkbuf_16)
                  0.04    0.14    0.18 ^ clkbuf_0_io_in[0]/X (sky130_fd_sc_hd__clkbuf_16)
     2    0.02                           clknet_0_io_in[0] (net)
                  0.04    0.00    0.18 ^ clkbuf_1_0__f_io_in[0]/A (sky130_fd_sc_hd__clkbuf_16)
                  0.03    0.12    0.30 ^ clkbuf_1_0__f_io_in[0]/X (sky130_fd_sc_hd__clkbuf_16)
     3    0.01                           clknet_1_0__leaf_io_in[0] (net)
                  0.03    0.00    0.30 ^ _276_/A (sky130_fd_sc_hd__and3_2)
                  0.07    0.19    0.49 ^ _276_/X (sky130_fd_sc_hd__and3_2)
     1    0.01                           _082_ (net)
                  0.07    0.00    0.49 ^ _277_/A (sky130_fd_sc_hd__buf_1)
                  0.16    0.17    0.66 ^ _277_/X (sky130_fd_sc_hd__buf_1)
     1    0.01                           CIRCUIT_0.int_memory_1.GATES_16.result (net)
                  0.16    0.00    0.66 ^ clkbuf_0_CIRCUIT_0.int_memory_1.GATES_16.result/A (sky130_fd_sc_hd__clkbuf_16)
                  0.04    0.17    0.83 ^ clkbuf_0_CIRCUIT_0.int_memory_1.GATES_16.result/X (sky130_fd_sc_hd__clkbuf_16)
     2    0.02                           clknet_0_CIRCUIT_0.int_memory_1.GATES_16.result (net)
                  0.04    0.00    0.83 ^ clkbuf_1_0__f_CIRCUIT_0.int_memory_1.GATES_16.result/A (sky130_fd_sc_hd__clkbuf_16)
                  0.03    0.11    0.95 ^ clkbuf_1_0__f_CIRCUIT_0.int_memory_1.GATES_16.result/X (sky130_fd_sc_hd__clkbuf_16)
     2    0.00                           clknet_1_0__leaf_CIRCUIT_0.int_memory_1.GATES_16.result (net)
                  0.03    0.00    0.95 ^ _504_/CLK (sky130_fd_sc_hd__dfxtp_1)
                          0.25    1.20   clock uncertainty
                         -0.09    1.11   clock reconvergence pessimism
                         -0.03    1.08   library hold time
                                  1.08   data required time
-----------------------------------------------------------------------------
                                  1.08   data required time
                                 -1.26   data arrival time
-----------------------------------------------------------------------------
                                  0.18   slack (MET)


Startpoint: _510_ (rising edge-triggered flip-flop clocked by io_in[0])
Endpoint: _510_ (rising edge-triggered flip-flop clocked by io_in[0])
Path Group: io_in[0]
Path Type: min

Fanout     Cap    Slew   Delay    Time   Description
-----------------------------------------------------------------------------
                          0.00    0.00   clock io_in[0] (rise edge)
                          0.00    0.00   clock source latency
                  0.06    0.04    0.04 ^ io_in[0] (in)
     1    0.01                           io_in[0] (net)
                  0.06    0.00    0.04 ^ clkbuf_0_io_in[0]/A (sky130_fd_sc_hd__clkbuf_16)
                  0.04    0.12    0.17 ^ clkbuf_0_io_in[0]/X (sky130_fd_sc_hd__clkbuf_16)
     2    0.02                           clknet_0_io_in[0] (net)
                  0.04    0.00    0.17 ^ clkbuf_1_1__f_io_in[0]/A (sky130_fd_sc_hd__clkbuf_16)
                  0.03    0.11    0.28 ^ clkbuf_1_1__f_io_in[0]/X (sky130_fd_sc_hd__clkbuf_16)
     3    0.01                           clknet_1_1__leaf_io_in[0] (net)
                  0.03    0.00    0.28 ^ _279_/A (sky130_fd_sc_hd__and3_2)
                  0.04    0.14    0.42 ^ _279_/X (sky130_fd_sc_hd__and3_2)
     1    0.00                           _084_ (net)
                  0.04    0.00    0.42 ^ _280_/A (sky130_fd_sc_hd__buf_1)
                  0.14    0.14    0.56 ^ _280_/X (sky130_fd_sc_hd__buf_1)
     1    0.01                           CIRCUIT_0.int_memory_1.GATES_17.result (net)
                  0.14    0.00    0.56 ^ clkbuf_0_CIRCUIT_0.int_memory_1.GATES_17.result/A (sky130_fd_sc_hd__clkbuf_16)
                  0.04    0.15    0.71 ^ clkbuf_0_CIRCUIT_0.int_memory_1.GATES_17.result/X (sky130_fd_sc_hd__clkbuf_16)
     2    0.02                           clknet_0_CIRCUIT_0.int_memory_1.GATES_17.result (net)
                  0.04    0.00    0.71 ^ clkbuf_1_0__f_CIRCUIT_0.int_memory_1.GATES_17.result/A (sky130_fd_sc_hd__clkbuf_16)
                  0.03    0.11    0.81 ^ clkbuf_1_0__f_CIRCUIT_0.int_memory_1.GATES_17.result/X (sky130_fd_sc_hd__clkbuf_16)
     2    0.01                           clknet_1_0__leaf_CIRCUIT_0.int_memory_1.GATES_17.result (net)
                  0.03    0.00    0.81 ^ _510_/CLK (sky130_fd_sc_hd__dfxtp_1)
                  0.07    0.30    1.12 ^ _510_/Q (sky130_fd_sc_hd__dfxtp_1)
     2    0.01                           CIRCUIT_0.int_memory_1.GATES_5.input2[2] (net)
                  0.07    0.00    1.12 ^ _464_/A1 (sky130_fd_sc_hd__a21o_1)
                  0.04    0.10    1.22 ^ _464_/X (sky130_fd_sc_hd__a21o_1)
     1    0.00                           _037_ (net)
                  0.04    0.00    1.22 ^ _510_/D (sky130_fd_sc_hd__dfxtp_1)
                                  1.22   data arrival time

                          0.00    0.00   clock io_in[0] (rise edge)
                          0.00    0.00   clock source latency
                  0.06    0.05    0.05 ^ io_in[0] (in)
     1    0.01                           io_in[0] (net)
                  0.06    0.00    0.05 ^ clkbuf_0_io_in[0]/A (sky130_fd_sc_hd__clkbuf_16)
                  0.04    0.14    0.18 ^ clkbuf_0_io_in[0]/X (sky130_fd_sc_hd__clkbuf_16)
     2    0.02                           clknet_0_io_in[0] (net)
                  0.04    0.00    0.18 ^ clkbuf_1_1__f_io_in[0]/A (sky130_fd_sc_hd__clkbuf_16)
                  0.03    0.12    0.31 ^ clkbuf_1_1__f_io_in[0]/X (sky130_fd_sc_hd__clkbuf_16)
     3    0.01                           clknet_1_1__leaf_io_in[0] (net)
                  0.03    0.00    0.31 ^ _279_/A (sky130_fd_sc_hd__and3_2)
                  0.05    0.16    0.46 ^ _279_/X (sky130_fd_sc_hd__and3_2)
     1    0.00                           _084_ (net)
                  0.05    0.00    0.46 ^ _280_/A (sky130_fd_sc_hd__buf_1)
                  0.14    0.16    0.62 ^ _280_/X (sky130_fd_sc_hd__buf_1)
     1    0.01                           CIRCUIT_0.int_memory_1.GATES_17.result (net)
                  0.14    0.00    0.62 ^ clkbuf_0_CIRCUIT_0.int_memory_1.GATES_17.result/A (sky130_fd_sc_hd__clkbuf_16)
                  0.04    0.17    0.78 ^ clkbuf_0_CIRCUIT_0.int_memory_1.GATES_17.result/X (sky130_fd_sc_hd__clkbuf_16)
     2    0.02                           clknet_0_CIRCUIT_0.int_memory_1.GATES_17.result (net)
                  0.04    0.00    0.78 ^ clkbuf_1_0__f_CIRCUIT_0.int_memory_1.GATES_17.result/A (sky130_fd_sc_hd__clkbuf_16)
                  0.03    0.12    0.90 ^ clkbuf_1_0__f_CIRCUIT_0.int_memory_1.GATES_17.result/X (sky130_fd_sc_hd__clkbuf_16)
     2    0.01                           clknet_1_0__leaf_CIRCUIT_0.int_memory_1.GATES_17.result (net)
                  0.03    0.00    0.90 ^ _510_/CLK (sky130_fd_sc_hd__dfxtp_1)
                          0.25    1.15   clock uncertainty
                         -0.09    1.06   clock reconvergence pessimism
                         -0.03    1.03   library hold time
                                  1.03   data required time
-----------------------------------------------------------------------------
                                  1.03   data required time
                                 -1.22   data arrival time
-----------------------------------------------------------------------------
                                  0.19   slack (MET)


Startpoint: _505_ (rising edge-triggered flip-flop clocked by io_in[0])
Endpoint: _505_ (rising edge-triggered flip-flop clocked by io_in[0])
Path Group: io_in[0]
Path Type: min

Fanout     Cap    Slew   Delay    Time   Description
-----------------------------------------------------------------------------
                          0.00    0.00   clock io_in[0] (rise edge)
                          0.00    0.00   clock source latency
                  0.06    0.04    0.04 ^ io_in[0] (in)
     1    0.01                           io_in[0] (net)
                  0.06    0.00    0.04 ^ clkbuf_0_io_in[0]/A (sky130_fd_sc_hd__clkbuf_16)
                  0.04    0.12    0.17 ^ clkbuf_0_io_in[0]/X (sky130_fd_sc_hd__clkbuf_16)
     2    0.02                           clknet_0_io_in[0] (net)
                  0.04    0.00    0.17 ^ clkbuf_1_0__f_io_in[0]/A (sky130_fd_sc_hd__clkbuf_16)
                  0.03    0.11    0.27 ^ clkbuf_1_0__f_io_in[0]/X (sky130_fd_sc_hd__clkbuf_16)
     3    0.01                           clknet_1_0__leaf_io_in[0] (net)
                  0.03    0.00    0.27 ^ _276_/A (sky130_fd_sc_hd__and3_2)
                  0.07    0.17    0.44 ^ _276_/X (sky130_fd_sc_hd__and3_2)
     1    0.01                           _082_ (net)
                  0.07    0.00    0.44 ^ _277_/A (sky130_fd_sc_hd__buf_1)
                  0.16    0.16    0.60 ^ _277_/X (sky130_fd_sc_hd__buf_1)
     1    0.01                           CIRCUIT_0.int_memory_1.GATES_16.result (net)
                  0.16    0.00    0.60 ^ clkbuf_0_CIRCUIT_0.int_memory_1.GATES_16.result/A (sky130_fd_sc_hd__clkbuf_16)
                  0.04    0.15    0.75 ^ clkbuf_0_CIRCUIT_0.int_memory_1.GATES_16.result/X (sky130_fd_sc_hd__clkbuf_16)
     2    0.02                           clknet_0_CIRCUIT_0.int_memory_1.GATES_16.result (net)
                  0.04    0.00    0.75 ^ clkbuf_1_1__f_CIRCUIT_0.int_memory_1.GATES_16.result/A (sky130_fd_sc_hd__clkbuf_16)
                  0.03    0.10    0.86 ^ clkbuf_1_1__f_CIRCUIT_0.int_memory_1.GATES_16.result/X (sky130_fd_sc_hd__clkbuf_16)
     2    0.01                           clknet_1_1__leaf_CIRCUIT_0.int_memory_1.GATES_16.result (net)
                  0.03    0.00    0.86 ^ _505_/CLK (sky130_fd_sc_hd__dfxtp_1)
                  0.08    0.31    1.17 ^ _505_/Q (sky130_fd_sc_hd__dfxtp_1)
     2    0.01                           CIRCUIT_0.int_memory_1.GATES_4.input2[1] (net)
                  0.08    0.00    1.17 ^ _459_/A1 (sky130_fd_sc_hd__a21o_1)
                  0.04    0.10    1.27 ^ _459_/X (sky130_fd_sc_hd__a21o_1)
     1    0.00                           _032_ (net)
                  0.04    0.00    1.27 ^ _505_/D (sky130_fd_sc_hd__dfxtp_1)
                                  1.27   data arrival time

                          0.00    0.00   clock io_in[0] (rise edge)
                          0.00    0.00   clock source latency
                  0.06    0.05    0.05 ^ io_in[0] (in)
     1    0.01                           io_in[0] (net)
                  0.06    0.00    0.05 ^ clkbuf_0_io_in[0]/A (sky130_fd_sc_hd__clkbuf_16)
                  0.04    0.14    0.18 ^ clkbuf_0_io_in[0]/X (sky130_fd_sc_hd__clkbuf_16)
     2    0.02                           clknet_0_io_in[0] (net)
                  0.04    0.00    0.18 ^ clkbuf_1_0__f_io_in[0]/A (sky130_fd_sc_hd__clkbuf_16)
                  0.03    0.12    0.30 ^ clkbuf_1_0__f_io_in[0]/X (sky130_fd_sc_hd__clkbuf_16)
     3    0.01                           clknet_1_0__leaf_io_in[0] (net)
                  0.03    0.00    0.30 ^ _276_/A (sky130_fd_sc_hd__and3_2)
                  0.07    0.19    0.49 ^ _276_/X (sky130_fd_sc_hd__and3_2)
     1    0.01                           _082_ (net)
                  0.07    0.00    0.49 ^ _277_/A (sky130_fd_sc_hd__buf_1)
                  0.16    0.17    0.66 ^ _277_/X (sky130_fd_sc_hd__buf_1)
     1    0.01                           CIRCUIT_0.int_memory_1.GATES_16.result (net)
                  0.16    0.00    0.66 ^ clkbuf_0_CIRCUIT_0.int_memory_1.GATES_16.result/A (sky130_fd_sc_hd__clkbuf_16)
                  0.04    0.17    0.83 ^ clkbuf_0_CIRCUIT_0.int_memory_1.GATES_16.result/X (sky130_fd_sc_hd__clkbuf_16)
     2    0.02                           clknet_0_CIRCUIT_0.int_memory_1.GATES_16.result (net)
                  0.04    0.00    0.83 ^ clkbuf_1_1__f_CIRCUIT_0.int_memory_1.GATES_16.result/A (sky130_fd_sc_hd__clkbuf_16)
                  0.03    0.12    0.95 ^ clkbuf_1_1__f_CIRCUIT_0.int_memory_1.GATES_16.result/X (sky130_fd_sc_hd__clkbuf_16)
     2    0.01                           clknet_1_1__leaf_CIRCUIT_0.int_memory_1.GATES_16.result (net)
                  0.03    0.00    0.95 ^ _505_/CLK (sky130_fd_sc_hd__dfxtp_1)
                          0.25    1.20   clock uncertainty
                         -0.09    1.11   clock reconvergence pessimism
                         -0.03    1.08   library hold time
                                  1.08   data required time
-----------------------------------------------------------------------------
                                  1.08   data required time
                                 -1.27   data arrival time
-----------------------------------------------------------------------------
                                  0.19   slack (MET)


Startpoint: _492_ (rising edge-triggered flip-flop clocked by io_in[0])
Endpoint: _492_ (rising edge-triggered flip-flop clocked by io_in[0])
Path Group: io_in[0]
Path Type: min

Fanout     Cap    Slew   Delay    Time   Description
-----------------------------------------------------------------------------
                          0.00    0.00   clock io_in[0] (rise edge)
                          0.00    0.00   clock source latency
                  0.06    0.04    0.04 ^ io_in[0] (in)
     1    0.01                           io_in[0] (net)
                  0.06    0.00    0.04 ^ clkbuf_0_io_in[0]/A (sky130_fd_sc_hd__clkbuf_16)
                  0.04    0.12    0.17 ^ clkbuf_0_io_in[0]/X (sky130_fd_sc_hd__clkbuf_16)
     2    0.02                           clknet_0_io_in[0] (net)
                  0.04    0.00    0.17 ^ clkbuf_1_1__f_io_in[0]/A (sky130_fd_sc_hd__clkbuf_16)
                  0.03    0.11    0.28 ^ clkbuf_1_1__f_io_in[0]/X (sky130_fd_sc_hd__clkbuf_16)
     3    0.01                           clknet_1_1__leaf_io_in[0] (net)
                  0.03    0.00    0.28 ^ _253_/A (sky130_fd_sc_hd__buf_1)
                  0.16    0.15    0.43 ^ _253_/X (sky130_fd_sc_hd__buf_1)
     1    0.01                           _063_ (net)
                  0.16    0.00    0.43 ^ clkbuf_0__063_/A (sky130_fd_sc_hd__clkbuf_16)
                  0.04    0.16    0.59 ^ clkbuf_0__063_/X (sky130_fd_sc_hd__clkbuf_16)
     2    0.02                           clknet_0__063_ (net)
                  0.04    0.00    0.59 ^ clkbuf_1_0__f__063_/A (sky130_fd_sc_hd__clkbuf_16)
                  0.03    0.11    0.69 ^ clkbuf_1_0__f__063_/X (sky130_fd_sc_hd__clkbuf_16)
     3    0.01                           clknet_1_0__leaf__063_ (net)
                  0.03    0.00    0.69 ^ _267_/A (sky130_fd_sc_hd__and3_2)
                  0.05    0.15    0.85 ^ _267_/X (sky130_fd_sc_hd__and3_2)
     1    0.01                           _076_ (net)
                  0.05    0.00    0.85 ^ _268_/A (sky130_fd_sc_hd__buf_1)
                  0.13    0.13    0.98 ^ _268_/X (sky130_fd_sc_hd__buf_1)
     1    0.01                           CIRCUIT_0.int_memory_1.GATES_13.result (net)
                  0.13    0.00    0.98 ^ clkbuf_0_CIRCUIT_0.int_memory_1.GATES_13.result/A (sky130_fd_sc_hd__clkbuf_16)
                  0.04    0.14    1.13 ^ clkbuf_0_CIRCUIT_0.int_memory_1.GATES_13.result/X (sky130_fd_sc_hd__clkbuf_16)
     2    0.02                           clknet_0_CIRCUIT_0.int_memory_1.GATES_13.result (net)
                  0.04    0.00    1.13 ^ clkbuf_1_1__f_CIRCUIT_0.int_memory_1.GATES_13.result/A (sky130_fd_sc_hd__clkbuf_16)
                  0.03    0.10    1.23 ^ clkbuf_1_1__f_CIRCUIT_0.int_memory_1.GATES_13.result/X (sky130_fd_sc_hd__clkbuf_16)
     2    0.01                           clknet_1_1__leaf_CIRCUIT_0.int_memory_1.GATES_13.result (net)
                  0.03    0.00    1.23 ^ _492_/CLK (sky130_fd_sc_hd__dfxtp_1)
                  0.07    0.30    1.53 ^ _492_/Q (sky130_fd_sc_hd__dfxtp_1)
     2    0.01                           CIRCUIT_0.int_memory_1.GATES_1.input2[0] (net)
                  0.07    0.00    1.53 ^ _443_/A1 (sky130_fd_sc_hd__a21o_1)
                  0.04    0.11    1.64 ^ _443_/X (sky130_fd_sc_hd__a21o_1)
     1    0.00                           _019_ (net)
                  0.04    0.00    1.64 ^ _492_/D (sky130_fd_sc_hd__dfxtp_1)
                                  1.64   data arrival time

                          0.00    0.00   clock io_in[0] (rise edge)
                          0.00    0.00   clock source latency
                  0.06    0.05    0.05 ^ io_in[0] (in)
     1    0.01                           io_in[0] (net)
                  0.06    0.00    0.05 ^ clkbuf_0_io_in[0]/A (sky130_fd_sc_hd__clkbuf_16)
                  0.04    0.14    0.18 ^ clkbuf_0_io_in[0]/X (sky130_fd_sc_hd__clkbuf_16)
     2    0.02                           clknet_0_io_in[0] (net)
                  0.04    0.00    0.18 ^ clkbuf_1_1__f_io_in[0]/A (sky130_fd_sc_hd__clkbuf_16)
                  0.03    0.12    0.31 ^ clkbuf_1_1__f_io_in[0]/X (sky130_fd_sc_hd__clkbuf_16)
     3    0.01                           clknet_1_1__leaf_io_in[0] (net)
                  0.03    0.00    0.31 ^ _253_/A (sky130_fd_sc_hd__buf_1)
                  0.16    0.17    0.47 ^ _253_/X (sky130_fd_sc_hd__buf_1)
     1    0.01                           _063_ (net)
                  0.16    0.00    0.48 ^ clkbuf_0__063_/A (sky130_fd_sc_hd__clkbuf_16)
                  0.04    0.17    0.65 ^ clkbuf_0__063_/X (sky130_fd_sc_hd__clkbuf_16)
     2    0.02                           clknet_0__063_ (net)
                  0.04    0.00    0.65 ^ clkbuf_1_0__f__063_/A (sky130_fd_sc_hd__clkbuf_16)
                  0.03    0.12    0.77 ^ clkbuf_1_0__f__063_/X (sky130_fd_sc_hd__clkbuf_16)
     3    0.01                           clknet_1_0__leaf__063_ (net)
                  0.03    0.00    0.77 ^ _267_/A (sky130_fd_sc_hd__and3_2)
                  0.06    0.17    0.94 ^ _267_/X (sky130_fd_sc_hd__and3_2)
     1    0.01                           _076_ (net)
                  0.06    0.00    0.94 ^ _268_/A (sky130_fd_sc_hd__buf_1)
                  0.13    0.15    1.08 ^ _268_/X (sky130_fd_sc_hd__buf_1)
     1    0.01                           CIRCUIT_0.int_memory_1.GATES_13.result (net)
                  0.13    0.00    1.09 ^ clkbuf_0_CIRCUIT_0.int_memory_1.GATES_13.result/A (sky130_fd_sc_hd__clkbuf_16)
                  0.04    0.16    1.24 ^ clkbuf_0_CIRCUIT_0.int_memory_1.GATES_13.result/X (sky130_fd_sc_hd__clkbuf_16)
     2    0.02                           clknet_0_CIRCUIT_0.int_memory_1.GATES_13.result (net)
                  0.04    0.00    1.25 ^ clkbuf_1_1__f_CIRCUIT_0.int_memory_1.GATES_13.result/A (sky130_fd_sc_hd__clkbuf_16)
                  0.03    0.11    1.36 ^ clkbuf_1_1__f_CIRCUIT_0.int_memory_1.GATES_13.result/X (sky130_fd_sc_hd__clkbuf_16)
     2    0.01                           clknet_1_1__leaf_CIRCUIT_0.int_memory_1.GATES_13.result (net)
                  0.03    0.00    1.36 ^ _492_/CLK (sky130_fd_sc_hd__dfxtp_1)
                          0.25    1.61   clock uncertainty
                         -0.13    1.48   clock reconvergence pessimism
                         -0.03    1.45   library hold time
                                  1.45   data required time
-----------------------------------------------------------------------------
                                  1.45   data required time
                                 -1.64   data arrival time
-----------------------------------------------------------------------------
                                  0.19   slack (MET)


Startpoint: _499_ (rising edge-triggered flip-flop clocked by io_in[0])
Endpoint: _499_ (rising edge-triggered flip-flop clocked by io_in[0])
Path Group: io_in[0]
Path Type: min

Fanout     Cap    Slew   Delay    Time   Description
-----------------------------------------------------------------------------
                          0.00    0.00   clock io_in[0] (rise edge)
                          0.00    0.00   clock source latency
                  0.06    0.04    0.04 ^ io_in[0] (in)
     1    0.01                           io_in[0] (net)
                  0.06    0.00    0.04 ^ clkbuf_0_io_in[0]/A (sky130_fd_sc_hd__clkbuf_16)
                  0.04    0.12    0.17 ^ clkbuf_0_io_in[0]/X (sky130_fd_sc_hd__clkbuf_16)
     2    0.02                           clknet_0_io_in[0] (net)
                  0.04    0.00    0.17 ^ clkbuf_1_1__f_io_in[0]/A (sky130_fd_sc_hd__clkbuf_16)
                  0.03    0.11    0.28 ^ clkbuf_1_1__f_io_in[0]/X (sky130_fd_sc_hd__clkbuf_16)
     3    0.01                           clknet_1_1__leaf_io_in[0] (net)
                  0.03    0.00    0.28 ^ _253_/A (sky130_fd_sc_hd__buf_1)
                  0.16    0.15    0.43 ^ _253_/X (sky130_fd_sc_hd__buf_1)
     1    0.01                           _063_ (net)
                  0.16    0.00    0.43 ^ clkbuf_0__063_/A (sky130_fd_sc_hd__clkbuf_16)
                  0.04    0.16    0.59 ^ clkbuf_0__063_/X (sky130_fd_sc_hd__clkbuf_16)
     2    0.02                           clknet_0__063_ (net)
                  0.04    0.00    0.59 ^ clkbuf_1_0__f__063_/A (sky130_fd_sc_hd__clkbuf_16)
                  0.03    0.11    0.69 ^ clkbuf_1_0__f__063_/X (sky130_fd_sc_hd__clkbuf_16)
     3    0.01                           clknet_1_0__leaf__063_ (net)
                  0.03    0.00    0.69 ^ _270_/A (sky130_fd_sc_hd__and3_2)
                  0.06    0.16    0.86 ^ _270_/X (sky130_fd_sc_hd__and3_2)
     1    0.01                           _078_ (net)
                  0.06    0.00    0.86 ^ _271_/A (sky130_fd_sc_hd__buf_1)
                  0.13    0.14    1.00 ^ _271_/X (sky130_fd_sc_hd__buf_1)
     1    0.01                           CIRCUIT_0.int_memory_1.GATES_14.result (net)
                  0.13    0.00    1.00 ^ clkbuf_0_CIRCUIT_0.int_memory_1.GATES_14.result/A (sky130_fd_sc_hd__clkbuf_16)
                  0.04    0.15    1.15 ^ clkbuf_0_CIRCUIT_0.int_memory_1.GATES_14.result/X (sky130_fd_sc_hd__clkbuf_16)
     2    0.02                           clknet_0_CIRCUIT_0.int_memory_1.GATES_14.result (net)
                  0.04    0.00    1.15 ^ clkbuf_1_1__f_CIRCUIT_0.int_memory_1.GATES_14.result/A (sky130_fd_sc_hd__clkbuf_16)
                  0.03    0.10    1.25 ^ clkbuf_1_1__f_CIRCUIT_0.int_memory_1.GATES_14.result/X (sky130_fd_sc_hd__clkbuf_16)
     2    0.01                           clknet_1_1__leaf_CIRCUIT_0.int_memory_1.GATES_14.result (net)
                  0.03    0.00    1.25 ^ _499_/CLK (sky130_fd_sc_hd__dfxtp_1)
                  0.09    0.31    1.57 ^ _499_/Q (sky130_fd_sc_hd__dfxtp_1)
     2    0.01                           CIRCUIT_0.int_memory_1.GATES_2.input2[3] (net)
                  0.09    0.00    1.57 ^ _452_/A1 (sky130_fd_sc_hd__a21o_1)
                  0.04    0.11    1.67 ^ _452_/X (sky130_fd_sc_hd__a21o_1)
     1    0.00                           _026_ (net)
                  0.04    0.00    1.67 ^ _499_/D (sky130_fd_sc_hd__dfxtp_1)
                                  1.67   data arrival time

                          0.00    0.00   clock io_in[0] (rise edge)
                          0.00    0.00   clock source latency
                  0.06    0.05    0.05 ^ io_in[0] (in)
     1    0.01                           io_in[0] (net)
                  0.06    0.00    0.05 ^ clkbuf_0_io_in[0]/A (sky130_fd_sc_hd__clkbuf_16)
                  0.04    0.14    0.18 ^ clkbuf_0_io_in[0]/X (sky130_fd_sc_hd__clkbuf_16)
     2    0.02                           clknet_0_io_in[0] (net)
                  0.04    0.00    0.18 ^ clkbuf_1_1__f_io_in[0]/A (sky130_fd_sc_hd__clkbuf_16)
                  0.03    0.12    0.31 ^ clkbuf_1_1__f_io_in[0]/X (sky130_fd_sc_hd__clkbuf_16)
     3    0.01                           clknet_1_1__leaf_io_in[0] (net)
                  0.03    0.00    0.31 ^ _253_/A (sky130_fd_sc_hd__buf_1)
                  0.16    0.17    0.47 ^ _253_/X (sky130_fd_sc_hd__buf_1)
     1    0.01                           _063_ (net)
                  0.16    0.00    0.48 ^ clkbuf_0__063_/A (sky130_fd_sc_hd__clkbuf_16)
                  0.04    0.17    0.65 ^ clkbuf_0__063_/X (sky130_fd_sc_hd__clkbuf_16)
     2    0.02                           clknet_0__063_ (net)
                  0.04    0.00    0.65 ^ clkbuf_1_0__f__063_/A (sky130_fd_sc_hd__clkbuf_16)
                  0.03    0.12    0.77 ^ clkbuf_1_0__f__063_/X (sky130_fd_sc_hd__clkbuf_16)
     3    0.01                           clknet_1_0__leaf__063_ (net)
                  0.03    0.00    0.77 ^ _270_/A (sky130_fd_sc_hd__and3_2)
                  0.07    0.18    0.95 ^ _270_/X (sky130_fd_sc_hd__and3_2)
     1    0.01                           _078_ (net)
                  0.07    0.00    0.95 ^ _271_/A (sky130_fd_sc_hd__buf_1)
                  0.13    0.16    1.11 ^ _271_/X (sky130_fd_sc_hd__buf_1)
     1    0.01                           CIRCUIT_0.int_memory_1.GATES_14.result (net)
                  0.13    0.00    1.11 ^ clkbuf_0_CIRCUIT_0.int_memory_1.GATES_14.result/A (sky130_fd_sc_hd__clkbuf_16)
                  0.04    0.16    1.27 ^ clkbuf_0_CIRCUIT_0.int_memory_1.GATES_14.result/X (sky130_fd_sc_hd__clkbuf_16)
     2    0.02                           clknet_0_CIRCUIT_0.int_memory_1.GATES_14.result (net)
                  0.04    0.00    1.27 ^ clkbuf_1_1__f_CIRCUIT_0.int_memory_1.GATES_14.result/A (sky130_fd_sc_hd__clkbuf_16)
                  0.03    0.12    1.39 ^ clkbuf_1_1__f_CIRCUIT_0.int_memory_1.GATES_14.result/X (sky130_fd_sc_hd__clkbuf_16)
     2    0.01                           clknet_1_1__leaf_CIRCUIT_0.int_memory_1.GATES_14.result (net)
                  0.03    0.00    1.39 ^ _499_/CLK (sky130_fd_sc_hd__dfxtp_1)
                          0.25    1.64   clock uncertainty
                         -0.13    1.50   clock reconvergence pessimism
                         -0.03    1.47   library hold time
                                  1.47   data required time
-----------------------------------------------------------------------------
                                  1.47   data required time
                                 -1.67   data arrival time
-----------------------------------------------------------------------------
                                  0.20   slack (MET)


