
===========================================================================
report_checks -unconstrained
============================================================================
Startpoint: io_in[0] (clock source 'io_in[0]')
Endpoint: _513_ (recovery check against rising-edge clock io_in[0])
Path Group: **async_default**
Path Type: max

Fanout     Cap    Slew   Delay    Time   Description
-----------------------------------------------------------------------------
                       5000.00 5000.00   clock io_in[0] (fall edge)
                          0.00 5000.00   clock source latency
                  0.01    0.00 5000.00 v io_in[0] (in)
     1    0.00                           io_in[0] (net)
                  0.01    0.00 5000.00 v clkbuf_0_io_in[0]/A (sky130_fd_sc_hd__clkbuf_16)
                  0.03    0.13 5000.14 v clkbuf_0_io_in[0]/X (sky130_fd_sc_hd__clkbuf_16)
     2    0.01                           clknet_0_io_in[0] (net)
                  0.03    0.00 5000.14 v clkbuf_1_1__f_io_in[0]/A (sky130_fd_sc_hd__clkbuf_16)
                  0.03    0.14 5000.27 v clkbuf_1_1__f_io_in[0]/X (sky130_fd_sc_hd__clkbuf_16)
     3    0.01                           clknet_1_1__leaf_io_in[0] (net)
                  0.03    0.00 5000.27 v _225_/A (sky130_fd_sc_hd__buf_1)
                  0.09    0.14 5000.41 v _225_/X (sky130_fd_sc_hd__buf_1)
     1    0.02                           _045_ (net)
                  0.09    0.00 5000.42 v clkbuf_0__045_/A (sky130_fd_sc_hd__clkbuf_16)
                  0.03    0.18 5000.59 v clkbuf_0__045_/X (sky130_fd_sc_hd__clkbuf_16)
     2    0.02                           clknet_0__045_ (net)
                  0.03    0.00 5000.59 v clkbuf_1_1__f__045_/A (sky130_fd_sc_hd__clkbuf_16)
                  0.03    0.14 5000.73 v clkbuf_1_1__f__045_/X (sky130_fd_sc_hd__clkbuf_16)
     3    0.01                           clknet_1_1__leaf__045_ (net)
                  0.03    0.00 5000.74 v _226_/A (sky130_fd_sc_hd__buf_1)
                  0.09    0.14 5000.88 v _226_/X (sky130_fd_sc_hd__buf_1)
     1    0.02                           _046_ (net)
                  0.09    0.00 5000.88 v clkbuf_0__046_/A (sky130_fd_sc_hd__clkbuf_16)
                  0.03    0.18 5001.06 v clkbuf_0__046_/X (sky130_fd_sc_hd__clkbuf_16)
     2    0.02                           clknet_0__046_ (net)
                  0.03    0.00 5001.06 v clkbuf_1_0__f__046_/A (sky130_fd_sc_hd__clkbuf_16)
                  0.03    0.15 5001.20 v clkbuf_1_0__f__046_/X (sky130_fd_sc_hd__clkbuf_16)
     3    0.02                           clknet_1_0__leaf__046_ (net)
                  0.03    0.00 5001.20 v _467_/B (sky130_fd_sc_hd__nand2_2)
                  0.06    0.08 5001.28 ^ _467_/Y (sky130_fd_sc_hd__nand2_2)
     1    0.01                           _001_ (net)
                  0.06    0.00 5001.28 ^ _513_/RESET_B (sky130_fd_sc_hd__dfrtp_1)
                               5001.28   data arrival time

                       10000.00 10000.00   clock io_in[0] (rise edge)
                          0.00 10000.00   clock source latency
                  0.02    0.01 10000.01 ^ io_in[0] (in)
     1    0.00                           io_in[0] (net)
                  0.02    0.00 10000.01 ^ clkbuf_0_io_in[0]/A (sky130_fd_sc_hd__clkbuf_16)
                  0.04    0.11 10000.12 ^ clkbuf_0_io_in[0]/X (sky130_fd_sc_hd__clkbuf_16)
     2    0.02                           clknet_0_io_in[0] (net)
                  0.04    0.00 10000.12 ^ clkbuf_1_0__f_io_in[0]/A (sky130_fd_sc_hd__clkbuf_16)
                  0.03    0.10 10000.22 ^ clkbuf_1_0__f_io_in[0]/X (sky130_fd_sc_hd__clkbuf_16)
     3    0.01                           clknet_1_0__leaf_io_in[0] (net)
                  0.03    0.00 10000.22 ^ _513_/CLK (sky130_fd_sc_hd__dfrtp_1)
                         -0.25 9999.97   clock uncertainty
                          0.00 9999.97   clock reconvergence pessimism
                          0.22 10000.19   library recovery time
                               10000.19   data required time
-----------------------------------------------------------------------------
                               10000.19   data required time
                               -5001.28   data arrival time
-----------------------------------------------------------------------------
                               4998.91   slack (MET)


Startpoint: _515_ (rising edge-triggered flip-flop)
Endpoint: io_out[5] (output port clocked by io_in[0])
Path Group: io_in[0]
Path Type: max

Fanout     Cap    Slew   Delay    Time   Description
-----------------------------------------------------------------------------
                  0.21    0.00    0.00 ^ _515_/CLK (sky130_fd_sc_hd__dfrtp_1)
                  0.13    0.53    0.53 v _515_/Q (sky130_fd_sc_hd__dfrtp_1)
     5    0.02                           CIRCUIT_0.inst_dec_1.MEMORY_21.s_currentState (net)
                  0.13    0.00    0.53 v _231_/A (sky130_fd_sc_hd__inv_2)
                  0.10    0.14    0.67 ^ _231_/Y (sky130_fd_sc_hd__inv_2)
     4    0.02                           _048_ (net)
                  0.10    0.00    0.67 ^ _232_/B (sky130_fd_sc_hd__nor2_1)
                  0.11    0.12    0.79 v _232_/Y (sky130_fd_sc_hd__nor2_1)
     4    0.02                           _049_ (net)
                  0.11    0.00    0.80 v _285_/B (sky130_fd_sc_hd__or3b_1)
                  0.07    0.38    1.18 v _285_/X (sky130_fd_sc_hd__or3b_1)
     1    0.00                           _089_ (net)
                  0.07    0.00    1.18 v _286_/C1 (sky130_fd_sc_hd__a221o_2)
                  0.11    0.40    1.58 v _286_/X (sky130_fd_sc_hd__a221o_2)
     5    0.03                           _090_ (net)
                  0.11    0.00    1.58 v _312_/S (sky130_fd_sc_hd__mux2_1)
                  0.07    0.37    1.95 v _312_/X (sky130_fd_sc_hd__mux2_1)
     1    0.01                           _111_ (net)
                  0.07    0.00    1.95 v _313_/A1 (sky130_fd_sc_hd__mux2_1)
                  0.08    0.34    2.29 v _313_/X (sky130_fd_sc_hd__mux2_1)
     1    0.01                           _112_ (net)
                  0.08    0.00    2.29 v _314_/A (sky130_fd_sc_hd__clkbuf_1)
                  0.02    0.10    2.39 v _314_/X (sky130_fd_sc_hd__clkbuf_1)
     1    0.00                           CIRCUIT_0.O_5_WRITE (net)
                  0.02    0.00    2.39 v _551_/A (sky130_fd_sc_hd__buf_2)
                  0.09    0.18    2.57 v _551_/X (sky130_fd_sc_hd__buf_2)
     1    0.03                           io_out[5] (net)
                  0.09    0.00    2.58 v io_out[5] (out)
                                  2.58   data arrival time

                       10000.00 10000.00   clock io_in[0] (rise edge)
                          0.00 10000.00   clock network delay (propagated)
                         -0.25 9999.75   clock uncertainty
                          0.00 9999.75   clock reconvergence pessimism
                       -2000.00 7999.75   output external delay
                               7999.75   data required time
-----------------------------------------------------------------------------
                               7999.75   data required time
                                 -2.58   data arrival time
-----------------------------------------------------------------------------
                               7997.17   slack (MET)



===========================================================================
report_checks --slack_max -0.01
============================================================================
No paths found.
