
===========================================================================
report_checks -path_delay max (Setup)
============================================================================
Startpoint: io_in[0] (clock source 'io_in[0]')
Endpoint: _513_ (recovery check against rising-edge clock io_in[0])
Path Group: **async_default**
Path Type: max

Fanout     Cap    Slew   Delay    Time   Description
-----------------------------------------------------------------------------
                       5000.00 5000.00   clock io_in[0] (fall edge)
                          0.00 5000.00   clock source latency
                  0.03    0.02 5000.02 v io_in[0] (in)
     1    0.01                           io_in[0] (net)
                  0.03    0.00 5000.02 v clkbuf_0_io_in[0]/A (sky130_fd_sc_hd__clkbuf_16)
                  0.03    0.15 5000.17 v clkbuf_0_io_in[0]/X (sky130_fd_sc_hd__clkbuf_16)
     2    0.02                           clknet_0_io_in[0] (net)
                  0.03    0.00 5000.17 v clkbuf_1_1__f_io_in[0]/A (sky130_fd_sc_hd__clkbuf_16)
                  0.03    0.15 5000.31 v clkbuf_1_1__f_io_in[0]/X (sky130_fd_sc_hd__clkbuf_16)
     3    0.02                           clknet_1_1__leaf_io_in[0] (net)
                  0.03    0.00 5000.31 v _225_/A (sky130_fd_sc_hd__buf_1)
                  0.11    0.16 5000.47 v _225_/X (sky130_fd_sc_hd__buf_1)
     1    0.02                           _045_ (net)
                  0.11    0.00 5000.47 v clkbuf_0__045_/A (sky130_fd_sc_hd__clkbuf_16)
                  0.03    0.18 5000.66 v clkbuf_0__045_/X (sky130_fd_sc_hd__clkbuf_16)
     2    0.02                           clknet_0__045_ (net)
                  0.03    0.00 5000.66 v clkbuf_1_1__f__045_/A (sky130_fd_sc_hd__clkbuf_16)
                  0.03    0.14 5000.80 v clkbuf_1_1__f__045_/X (sky130_fd_sc_hd__clkbuf_16)
     3    0.01                           clknet_1_1__leaf__045_ (net)
                  0.03    0.00 5000.80 v _226_/A (sky130_fd_sc_hd__buf_1)
                  0.10    0.15 5000.95 v _226_/X (sky130_fd_sc_hd__buf_1)
     1    0.02                           _046_ (net)
                  0.10    0.00 5000.95 v clkbuf_0__046_/A (sky130_fd_sc_hd__clkbuf_16)
                  0.03    0.18 5001.13 v clkbuf_0__046_/X (sky130_fd_sc_hd__clkbuf_16)
     2    0.02                           clknet_0__046_ (net)
                  0.03    0.00 5001.13 v clkbuf_1_0__f__046_/A (sky130_fd_sc_hd__clkbuf_16)
                  0.03    0.15 5001.27 v clkbuf_1_0__f__046_/X (sky130_fd_sc_hd__clkbuf_16)
     3    0.02                           clknet_1_0__leaf__046_ (net)
                  0.03    0.00 5001.28 v _467_/B (sky130_fd_sc_hd__nand2_2)
                  0.07    0.08 5001.35 ^ _467_/Y (sky130_fd_sc_hd__nand2_2)
     1    0.01                           _001_ (net)
                  0.07    0.00 5001.35 ^ _513_/RESET_B (sky130_fd_sc_hd__dfrtp_1)
                               5001.35   data arrival time

                       10000.00 10000.00   clock io_in[0] (rise edge)
                          0.00 10000.00   clock source latency
                  0.06    0.04 10000.04 ^ io_in[0] (in)
     1    0.01                           io_in[0] (net)
                  0.06    0.00 10000.04 ^ clkbuf_0_io_in[0]/A (sky130_fd_sc_hd__clkbuf_16)
                  0.04    0.13 10000.17 ^ clkbuf_0_io_in[0]/X (sky130_fd_sc_hd__clkbuf_16)
     2    0.02                           clknet_0_io_in[0] (net)
                  0.04    0.00 10000.17 ^ clkbuf_1_0__f_io_in[0]/A (sky130_fd_sc_hd__clkbuf_16)
                  0.03    0.11 10000.28 ^ clkbuf_1_0__f_io_in[0]/X (sky130_fd_sc_hd__clkbuf_16)
     3    0.01                           clknet_1_0__leaf_io_in[0] (net)
                  0.03    0.00 10000.28 ^ _513_/CLK (sky130_fd_sc_hd__dfrtp_1)
                         -0.25 10000.03   clock uncertainty
                          0.00 10000.03   clock reconvergence pessimism
                          0.22 10000.25   library recovery time
                               10000.25   data required time
-----------------------------------------------------------------------------
                               10000.25   data required time
                               -5001.35   data arrival time
-----------------------------------------------------------------------------
                               4998.89   slack (MET)


Startpoint: io_in[0] (clock source 'io_in[0]')
Endpoint: _519_ (recovery check against rising-edge clock io_in[0])
Path Group: **async_default**
Path Type: max

Fanout     Cap    Slew   Delay    Time   Description
-----------------------------------------------------------------------------
                       5000.00 5000.00   clock io_in[0] (fall edge)
                          0.00 5000.00   clock source latency
                  0.03    0.02 5000.02 v io_in[0] (in)
     1    0.01                           io_in[0] (net)
                  0.03    0.00 5000.02 v clkbuf_0_io_in[0]/A (sky130_fd_sc_hd__clkbuf_16)
                  0.03    0.15 5000.17 v clkbuf_0_io_in[0]/X (sky130_fd_sc_hd__clkbuf_16)
     2    0.02                           clknet_0_io_in[0] (net)
                  0.03    0.00 5000.17 v clkbuf_1_1__f_io_in[0]/A (sky130_fd_sc_hd__clkbuf_16)
                  0.03    0.15 5000.31 v clkbuf_1_1__f_io_in[0]/X (sky130_fd_sc_hd__clkbuf_16)
     3    0.02                           clknet_1_1__leaf_io_in[0] (net)
                  0.03    0.00 5000.31 v _225_/A (sky130_fd_sc_hd__buf_1)
                  0.11    0.16 5000.47 v _225_/X (sky130_fd_sc_hd__buf_1)
     1    0.02                           _045_ (net)
                  0.11    0.00 5000.47 v clkbuf_0__045_/A (sky130_fd_sc_hd__clkbuf_16)
                  0.03    0.18 5000.66 v clkbuf_0__045_/X (sky130_fd_sc_hd__clkbuf_16)
     2    0.02                           clknet_0__045_ (net)
                  0.03    0.00 5000.66 v clkbuf_1_1__f__045_/A (sky130_fd_sc_hd__clkbuf_16)
                  0.03    0.14 5000.80 v clkbuf_1_1__f__045_/X (sky130_fd_sc_hd__clkbuf_16)
     3    0.01                           clknet_1_1__leaf__045_ (net)
                  0.03    0.00 5000.80 v _472_/A (sky130_fd_sc_hd__buf_1)
                  0.08    0.13 5000.94 v _472_/X (sky130_fd_sc_hd__buf_1)
     1    0.01                           _220_ (net)
                  0.08    0.00 5000.94 v clkbuf_0__220_/A (sky130_fd_sc_hd__clkbuf_16)
                  0.03    0.17 5001.11 v clkbuf_0__220_/X (sky130_fd_sc_hd__clkbuf_16)
     2    0.02                           clknet_0__220_ (net)
                  0.03    0.00 5001.11 v clkbuf_1_0__f__220_/A (sky130_fd_sc_hd__clkbuf_16)
                  0.04    0.15 5001.26 v clkbuf_1_0__f__220_/X (sky130_fd_sc_hd__clkbuf_16)
     4    0.02                           clknet_1_0__leaf__220_ (net)
                  0.04    0.00 5001.26 v _475_/B (sky130_fd_sc_hd__nand2_2)
                  0.07    0.08 5001.34 ^ _475_/Y (sky130_fd_sc_hd__nand2_2)
     1    0.01                           _008_ (net)
                  0.07    0.00 5001.34 ^ _519_/RESET_B (sky130_fd_sc_hd__dfrtp_1)
                               5001.34   data arrival time

                       10000.00 10000.00   clock io_in[0] (rise edge)
                          0.00 10000.00   clock source latency
                  0.06    0.04 10000.04 ^ io_in[0] (in)
     1    0.01                           io_in[0] (net)
                  0.06    0.00 10000.04 ^ clkbuf_0_io_in[0]/A (sky130_fd_sc_hd__clkbuf_16)
                  0.04    0.13 10000.17 ^ clkbuf_0_io_in[0]/X (sky130_fd_sc_hd__clkbuf_16)
     2    0.02                           clknet_0_io_in[0] (net)
                  0.04    0.00 10000.17 ^ clkbuf_1_0__f_io_in[0]/A (sky130_fd_sc_hd__clkbuf_16)
                  0.03    0.11 10000.28 ^ clkbuf_1_0__f_io_in[0]/X (sky130_fd_sc_hd__clkbuf_16)
     3    0.01                           clknet_1_0__leaf_io_in[0] (net)
                  0.03    0.00 10000.28 ^ _519_/CLK (sky130_fd_sc_hd__dfrtp_1)
                         -0.25 10000.03   clock uncertainty
                          0.00 10000.03   clock reconvergence pessimism
                          0.22 10000.25   library recovery time
                               10000.25   data required time
-----------------------------------------------------------------------------
                               10000.25   data required time
                               -5001.34   data arrival time
-----------------------------------------------------------------------------
                               4998.91   slack (MET)


Startpoint: _515_ (rising edge-triggered flip-flop)
Endpoint: io_out[5] (output port clocked by io_in[0])
Path Group: io_in[0]
Path Type: max

Fanout     Cap    Slew   Delay    Time   Description
-----------------------------------------------------------------------------
                  0.22    0.00    0.00 ^ _515_/CLK (sky130_fd_sc_hd__dfrtp_1)
                  0.13    0.53    0.53 v _515_/Q (sky130_fd_sc_hd__dfrtp_1)
     5    0.02                           CIRCUIT_0.inst_dec_1.MEMORY_21.s_currentState (net)
                  0.13    0.00    0.53 v _231_/A (sky130_fd_sc_hd__inv_2)
                  0.10    0.14    0.67 ^ _231_/Y (sky130_fd_sc_hd__inv_2)
     4    0.02                           _048_ (net)
                  0.10    0.00    0.67 ^ _232_/B (sky130_fd_sc_hd__nor2_1)
                  0.10    0.12    0.79 v _232_/Y (sky130_fd_sc_hd__nor2_1)
     4    0.02                           _049_ (net)
                  0.10    0.00    0.80 v _285_/B (sky130_fd_sc_hd__or3b_1)
                  0.07    0.39    1.18 v _285_/X (sky130_fd_sc_hd__or3b_1)
     1    0.00                           _089_ (net)
                  0.07    0.00    1.18 v _286_/C1 (sky130_fd_sc_hd__a221o_2)
                  0.11    0.40    1.59 v _286_/X (sky130_fd_sc_hd__a221o_2)
     5    0.03                           _090_ (net)
                  0.11    0.00    1.59 v _312_/S (sky130_fd_sc_hd__mux2_1)
                  0.07    0.37    1.96 v _312_/X (sky130_fd_sc_hd__mux2_1)
     1    0.01                           _111_ (net)
                  0.07    0.00    1.96 v _313_/A1 (sky130_fd_sc_hd__mux2_1)
                  0.08    0.35    2.30 v _313_/X (sky130_fd_sc_hd__mux2_1)
     1    0.01                           _112_ (net)
                  0.08    0.00    2.30 v _314_/A (sky130_fd_sc_hd__clkbuf_1)
                  0.03    0.11    2.41 v _314_/X (sky130_fd_sc_hd__clkbuf_1)
     1    0.00                           CIRCUIT_0.O_5_WRITE (net)
                  0.03    0.00    2.41 v _551_/A (sky130_fd_sc_hd__buf_2)
                  0.09    0.18    2.60 v _551_/X (sky130_fd_sc_hd__buf_2)
     1    0.03                           io_out[5] (net)
                  0.09    0.00    2.60 v io_out[5] (out)
                                  2.60   data arrival time

                       10000.00 10000.00   clock io_in[0] (rise edge)
                          0.00 10000.00   clock network delay (propagated)
                         -0.25 9999.75   clock uncertainty
                          0.00 9999.75   clock reconvergence pessimism
                       -2000.00 7999.75   output external delay
                               7999.75   data required time
-----------------------------------------------------------------------------
                               7999.75   data required time
                                 -2.60   data arrival time
-----------------------------------------------------------------------------
                               7997.15   slack (MET)


Startpoint: _515_ (rising edge-triggered flip-flop)
Endpoint: io_out[7] (output port clocked by io_in[0])
Path Group: io_in[0]
Path Type: max

Fanout     Cap    Slew   Delay    Time   Description
-----------------------------------------------------------------------------
                  0.22    0.00    0.00 ^ _515_/CLK (sky130_fd_sc_hd__dfrtp_1)
                  0.13    0.53    0.53 v _515_/Q (sky130_fd_sc_hd__dfrtp_1)
     5    0.02                           CIRCUIT_0.inst_dec_1.MEMORY_21.s_currentState (net)
                  0.13    0.00    0.53 v _231_/A (sky130_fd_sc_hd__inv_2)
                  0.10    0.14    0.67 ^ _231_/Y (sky130_fd_sc_hd__inv_2)
     4    0.02                           _048_ (net)
                  0.10    0.00    0.67 ^ _232_/B (sky130_fd_sc_hd__nor2_1)
                  0.10    0.12    0.79 v _232_/Y (sky130_fd_sc_hd__nor2_1)
     4    0.02                           _049_ (net)
                  0.10    0.00    0.80 v _285_/B (sky130_fd_sc_hd__or3b_1)
                  0.07    0.39    1.18 v _285_/X (sky130_fd_sc_hd__or3b_1)
     1    0.00                           _089_ (net)
                  0.07    0.00    1.18 v _286_/C1 (sky130_fd_sc_hd__a221o_2)
                  0.11    0.40    1.59 v _286_/X (sky130_fd_sc_hd__a221o_2)
     5    0.03                           _090_ (net)
                  0.11    0.00    1.59 v _318_/S (sky130_fd_sc_hd__mux2_1)
                  0.07    0.36    1.95 v _318_/X (sky130_fd_sc_hd__mux2_1)
     1    0.01                           _115_ (net)
                  0.07    0.00    1.95 v _319_/A1 (sky130_fd_sc_hd__mux2_1)
                  0.06    0.32    2.27 v _319_/X (sky130_fd_sc_hd__mux2_1)
     1    0.00                           _116_ (net)
                  0.06    0.00    2.27 v _320_/A (sky130_fd_sc_hd__clkbuf_1)
                  0.05    0.12    2.39 v _320_/X (sky130_fd_sc_hd__clkbuf_1)
     1    0.01                           CIRCUIT_0.O_7_I (net)
                  0.05    0.00    2.39 v _553_/A (sky130_fd_sc_hd__buf_2)
                  0.09    0.19    2.58 v _553_/X (sky130_fd_sc_hd__buf_2)
     1    0.03                           io_out[7] (net)
                  0.09    0.00    2.58 v io_out[7] (out)
                                  2.58   data arrival time

                       10000.00 10000.00   clock io_in[0] (rise edge)
                          0.00 10000.00   clock network delay (propagated)
                         -0.25 9999.75   clock uncertainty
                          0.00 9999.75   clock reconvergence pessimism
                       -2000.00 7999.75   output external delay
                               7999.75   data required time
-----------------------------------------------------------------------------
                               7999.75   data required time
                                 -2.58   data arrival time
-----------------------------------------------------------------------------
                               7997.17   slack (MET)


Startpoint: _515_ (rising edge-triggered flip-flop)
Endpoint: io_out[4] (output port clocked by io_in[0])
Path Group: io_in[0]
Path Type: max

Fanout     Cap    Slew   Delay    Time   Description
-----------------------------------------------------------------------------
                  0.22    0.00    0.00 ^ _515_/CLK (sky130_fd_sc_hd__dfrtp_1)
                  0.13    0.53    0.53 v _515_/Q (sky130_fd_sc_hd__dfrtp_1)
     5    0.02                           CIRCUIT_0.inst_dec_1.MEMORY_21.s_currentState (net)
                  0.13    0.00    0.53 v _231_/A (sky130_fd_sc_hd__inv_2)
                  0.10    0.14    0.67 ^ _231_/Y (sky130_fd_sc_hd__inv_2)
     4    0.02                           _048_ (net)
                  0.10    0.00    0.67 ^ _232_/B (sky130_fd_sc_hd__nor2_1)
                  0.10    0.12    0.79 v _232_/Y (sky130_fd_sc_hd__nor2_1)
     4    0.02                           _049_ (net)
                  0.10    0.00    0.80 v _285_/B (sky130_fd_sc_hd__or3b_1)
                  0.07    0.39    1.18 v _285_/X (sky130_fd_sc_hd__or3b_1)
     1    0.00                           _089_ (net)
                  0.07    0.00    1.18 v _286_/C1 (sky130_fd_sc_hd__a221o_2)
                  0.11    0.40    1.59 v _286_/X (sky130_fd_sc_hd__a221o_2)
     5    0.03                           _090_ (net)
                  0.11    0.00    1.59 v _305_/S (sky130_fd_sc_hd__mux2_1)
                  0.07    0.37    1.95 v _305_/X (sky130_fd_sc_hd__mux2_1)
     1    0.01                           _105_ (net)
                  0.07    0.00    1.96 v _306_/A1 (sky130_fd_sc_hd__mux2_1)
                  0.06    0.32    2.28 v _306_/X (sky130_fd_sc_hd__mux2_1)
     1    0.00                           _106_ (net)
                  0.06    0.00    2.28 v _307_/A (sky130_fd_sc_hd__clkbuf_1)
                  0.03    0.10    2.38 v _307_/X (sky130_fd_sc_hd__clkbuf_1)
     1    0.00                           CIRCUIT_0.O_4_MAR (net)
                  0.03    0.00    2.38 v _550_/A (sky130_fd_sc_hd__buf_2)
                  0.09    0.18    2.56 v _550_/X (sky130_fd_sc_hd__buf_2)
     1    0.03                           io_out[4] (net)
                  0.09    0.00    2.56 v io_out[4] (out)
                                  2.56   data arrival time

                       10000.00 10000.00   clock io_in[0] (rise edge)
                          0.00 10000.00   clock network delay (propagated)
                         -0.25 9999.75   clock uncertainty
                          0.00 9999.75   clock reconvergence pessimism
                       -2000.00 7999.75   output external delay
                               7999.75   data required time
-----------------------------------------------------------------------------
                               7999.75   data required time
                                 -2.56   data arrival time
-----------------------------------------------------------------------------
                               7997.19   slack (MET)


Startpoint: _515_ (rising edge-triggered flip-flop)
Endpoint: io_out[2] (output port clocked by io_in[0])
Path Group: io_in[0]
Path Type: max

Fanout     Cap    Slew   Delay    Time   Description
-----------------------------------------------------------------------------
                  0.22    0.00    0.00 ^ _515_/CLK (sky130_fd_sc_hd__dfrtp_1)
                  0.13    0.53    0.53 v _515_/Q (sky130_fd_sc_hd__dfrtp_1)
     5    0.02                           CIRCUIT_0.inst_dec_1.MEMORY_21.s_currentState (net)
                  0.13    0.00    0.53 v _231_/A (sky130_fd_sc_hd__inv_2)
                  0.10    0.14    0.67 ^ _231_/Y (sky130_fd_sc_hd__inv_2)
     4    0.02                           _048_ (net)
                  0.10    0.00    0.67 ^ _232_/B (sky130_fd_sc_hd__nor2_1)
                  0.10    0.12    0.79 v _232_/Y (sky130_fd_sc_hd__nor2_1)
     4    0.02                           _049_ (net)
                  0.10    0.00    0.80 v _285_/B (sky130_fd_sc_hd__or3b_1)
                  0.07    0.39    1.18 v _285_/X (sky130_fd_sc_hd__or3b_1)
     1    0.00                           _089_ (net)
                  0.07    0.00    1.18 v _286_/C1 (sky130_fd_sc_hd__a221o_2)
                  0.11    0.40    1.59 v _286_/X (sky130_fd_sc_hd__a221o_2)
     5    0.03                           _090_ (net)
                  0.11    0.00    1.59 v _287_/A (sky130_fd_sc_hd__dlymetal6s2s_1)
                  0.11    0.24    1.83 v _287_/X (sky130_fd_sc_hd__dlymetal6s2s_1)
     5    0.02                           _091_ (net)
                  0.11    0.00    1.83 v _294_/S1 (sky130_fd_sc_hd__mux4_1)
                  0.09    0.27    2.10 ^ _294_/X (sky130_fd_sc_hd__mux4_1)
     1    0.01                           _096_ (net)
                  0.09    0.00    2.10 ^ _295_/A (sky130_fd_sc_hd__clkbuf_1)
                  0.11    0.15    2.25 ^ _295_/X (sky130_fd_sc_hd__clkbuf_1)
     1    0.01                           CIRCUIT_0.O_D2_RR2 (net)
                  0.11    0.00    2.25 ^ _548_/A (sky130_fd_sc_hd__buf_2)
                  0.19    0.24    2.49 ^ _548_/X (sky130_fd_sc_hd__buf_2)
     1    0.03                           io_out[2] (net)
                  0.19    0.00    2.50 ^ io_out[2] (out)
                                  2.50   data arrival time

                       10000.00 10000.00   clock io_in[0] (rise edge)
                          0.00 10000.00   clock network delay (propagated)
                         -0.25 9999.75   clock uncertainty
                          0.00 9999.75   clock reconvergence pessimism
                       -2000.00 7999.75   output external delay
                               7999.75   data required time
-----------------------------------------------------------------------------
                               7999.75   data required time
                                 -2.50   data arrival time
-----------------------------------------------------------------------------
                               7997.26   slack (MET)


Startpoint: _515_ (rising edge-triggered flip-flop)
Endpoint: io_out[1] (output port clocked by io_in[0])
Path Group: io_in[0]
Path Type: max

Fanout     Cap    Slew   Delay    Time   Description
-----------------------------------------------------------------------------
                  0.22    0.00    0.00 ^ _515_/CLK (sky130_fd_sc_hd__dfrtp_1)
                  0.13    0.53    0.53 v _515_/Q (sky130_fd_sc_hd__dfrtp_1)
     5    0.02                           CIRCUIT_0.inst_dec_1.MEMORY_21.s_currentState (net)
                  0.13    0.00    0.53 v _231_/A (sky130_fd_sc_hd__inv_2)
                  0.10    0.14    0.67 ^ _231_/Y (sky130_fd_sc_hd__inv_2)
     4    0.02                           _048_ (net)
                  0.10    0.00    0.67 ^ _232_/B (sky130_fd_sc_hd__nor2_1)
                  0.10    0.12    0.79 v _232_/Y (sky130_fd_sc_hd__nor2_1)
     4    0.02                           _049_ (net)
                  0.10    0.00    0.80 v _285_/B (sky130_fd_sc_hd__or3b_1)
                  0.07    0.39    1.18 v _285_/X (sky130_fd_sc_hd__or3b_1)
     1    0.00                           _089_ (net)
                  0.07    0.00    1.18 v _286_/C1 (sky130_fd_sc_hd__a221o_2)
                  0.11    0.40    1.59 v _286_/X (sky130_fd_sc_hd__a221o_2)
     5    0.03                           _090_ (net)
                  0.11    0.00    1.59 v _287_/A (sky130_fd_sc_hd__dlymetal6s2s_1)
                  0.11    0.24    1.83 v _287_/X (sky130_fd_sc_hd__dlymetal6s2s_1)
     5    0.02                           _091_ (net)
                  0.11    0.00    1.83 v _291_/S1 (sky130_fd_sc_hd__mux4_1)
                  0.10    0.28    2.10 ^ _291_/X (sky130_fd_sc_hd__mux4_1)
     1    0.01                           _094_ (net)
                  0.10    0.00    2.10 ^ _292_/A (sky130_fd_sc_hd__clkbuf_1)
                  0.05    0.10    2.21 ^ _292_/X (sky130_fd_sc_hd__clkbuf_1)
     1    0.00                           CIRCUIT_0.O_D1_RR1 (net)
                  0.05    0.00    2.21 ^ _547_/A (sky130_fd_sc_hd__buf_2)
                  0.19    0.22    2.43 ^ _547_/X (sky130_fd_sc_hd__buf_2)
     1    0.03                           io_out[1] (net)
                  0.19    0.00    2.43 ^ io_out[1] (out)
                                  2.43   data arrival time

                       10000.00 10000.00   clock io_in[0] (rise edge)
                          0.00 10000.00   clock network delay (propagated)
                         -0.25 9999.75   clock uncertainty
                          0.00 9999.75   clock reconvergence pessimism
                       -2000.00 7999.75   output external delay
                               7999.75   data required time
-----------------------------------------------------------------------------
                               7999.75   data required time
                                 -2.43   data arrival time
-----------------------------------------------------------------------------
                               7997.32   slack (MET)


