
===========================================================================
report_checks -path_delay min (Hold)
============================================================================
Startpoint: io_in[1] (input port clocked by io_in[0])
Endpoint: _513_ (removal check against rising-edge clock io_in[0])
Path Group: **async_default**
Path Type: min

Fanout     Cap    Slew   Delay    Time   Description
-----------------------------------------------------------------------------
                  0.15    0.00    0.00   clock io_in[0] (rise edge)
                          0.00    0.00   clock network delay (ideal)
                       2000.00 2000.00 v input external delay
                  0.03    0.02 2000.02 v io_in[1] (in)
     4    0.01                           io_in[1] (net)
                  0.03    0.00 2000.02 v _223_/A (sky130_fd_sc_hd__buf_1)
                  0.11    0.14 2000.16 v _223_/X (sky130_fd_sc_hd__buf_1)
     5    0.02                           _043_ (net)
                  0.11    0.00 2000.16 v _224_/A (sky130_fd_sc_hd__buf_1)
                  0.13    0.19 2000.35 v _224_/X (sky130_fd_sc_hd__buf_1)
     5    0.02                           _044_ (net)
                  0.13    0.00 2000.35 v _467_/A (sky130_fd_sc_hd__nand2_2)
                  0.05    0.08 2000.43 ^ _467_/Y (sky130_fd_sc_hd__nand2_2)
     1    0.00                           _001_ (net)
                  0.05    0.01 2000.44 ^ _513_/RESET_B (sky130_fd_sc_hd__dfrtp_2)
                               2000.44   data arrival time

                  0.15    0.00    0.00   clock io_in[0] (rise edge)
                          0.00    0.00   clock network delay (ideal)
                          0.25    0.25   clock uncertainty
                          0.00    0.25   clock reconvergence pessimism
                                  0.25 ^ _513_/CLK (sky130_fd_sc_hd__dfrtp_2)
                          0.35    0.60   library removal time
                                  0.60   data required time
-----------------------------------------------------------------------------
                                  0.60   data required time
                               -2000.44   data arrival time
-----------------------------------------------------------------------------
                               1999.84   slack (MET)


Startpoint: io_in[1] (input port clocked by io_in[0])
Endpoint: _519_ (removal check against rising-edge clock io_in[0])
Path Group: **async_default**
Path Type: min

Fanout     Cap    Slew   Delay    Time   Description
-----------------------------------------------------------------------------
                  0.15    0.00    0.00   clock io_in[0] (rise edge)
                          0.00    0.00   clock network delay (ideal)
                       2000.00 2000.00 v input external delay
                  0.03    0.02 2000.02 v io_in[1] (in)
     4    0.01                           io_in[1] (net)
                  0.03    0.00 2000.02 v _223_/A (sky130_fd_sc_hd__buf_1)
                  0.11    0.14 2000.16 v _223_/X (sky130_fd_sc_hd__buf_1)
     5    0.02                           _043_ (net)
                  0.11    0.00 2000.16 v _471_/A (sky130_fd_sc_hd__buf_1)
                  0.13    0.19 2000.35 v _471_/X (sky130_fd_sc_hd__buf_1)
     5    0.02                           _219_ (net)
                  0.13    0.00 2000.35 v _475_/A (sky130_fd_sc_hd__nand2_2)
                  0.05    0.08 2000.43 ^ _475_/Y (sky130_fd_sc_hd__nand2_2)
     1    0.00                           _008_ (net)
                  0.05    0.01 2000.44 ^ _519_/RESET_B (sky130_fd_sc_hd__dfrtp_2)
                               2000.44   data arrival time

                  0.15    0.00    0.00   clock io_in[0] (rise edge)
                          0.00    0.00   clock network delay (ideal)
                          0.25    0.25   clock uncertainty
                          0.00    0.25   clock reconvergence pessimism
                                  0.25 ^ _519_/CLK (sky130_fd_sc_hd__dfrtp_2)
                          0.35    0.60   library removal time
                                  0.60   data required time
-----------------------------------------------------------------------------
                                  0.60   data required time
                               -2000.44   data arrival time
-----------------------------------------------------------------------------
                               1999.84   slack (MET)


Startpoint: _513_ (rising edge-triggered flip-flop clocked by io_in[0])
Endpoint: _513_ (rising edge-triggered flip-flop clocked by io_in[0])
Path Group: io_in[0]
Path Type: min

Fanout     Cap    Slew   Delay    Time   Description
-----------------------------------------------------------------------------
                  0.15    0.00    0.00   clock io_in[0] (rise edge)
                          0.00    0.00   clock network delay (ideal)
                  0.15    0.00    0.00 ^ _513_/CLK (sky130_fd_sc_hd__dfrtp_2)
                  0.07    0.38    0.38 ^ _513_/Q (sky130_fd_sc_hd__dfrtp_2)
     3    0.01                           CIRCUIT_0.clock_gen_2_1.MEMORY_5.s_currentState (net)
                  0.07    0.00    0.38 ^ _228_/A (sky130_fd_sc_hd__inv_2)
                  0.03    0.04    0.42 v _228_/Y (sky130_fd_sc_hd__inv_2)
     2    0.01                           CIRCUIT_0.clock_gen_2_1.MEMORY_5.d (net)
                  0.03    0.00    0.42 v _513_/D (sky130_fd_sc_hd__dfrtp_2)
                                  0.42   data arrival time

                  0.15    0.00    0.00   clock io_in[0] (rise edge)
                          0.00    0.00   clock network delay (ideal)
                          0.25    0.25   clock uncertainty
                          0.00    0.25   clock reconvergence pessimism
                                  0.25 ^ _513_/CLK (sky130_fd_sc_hd__dfrtp_2)
                         -0.01    0.24   library hold time
                                  0.24   data required time
-----------------------------------------------------------------------------
                                  0.24   data required time
                                 -0.42   data arrival time
-----------------------------------------------------------------------------
                                  0.18   slack (MET)


Startpoint: _508_ (rising edge-triggered flip-flop clocked by io_in[0])
Endpoint: _508_ (rising edge-triggered flip-flop clocked by io_in[0])
Path Group: io_in[0]
Path Type: min

Fanout     Cap    Slew   Delay    Time   Description
-----------------------------------------------------------------------------
                  0.15    0.00    0.00   clock io_in[0] (rise edge)
                          0.00    0.00   clock network delay (ideal)
                  0.15    0.00    0.00 ^ _508_/CLK (sky130_fd_sc_hd__dfxtp_2)
                  0.04    0.33    0.33 ^ _508_/Q (sky130_fd_sc_hd__dfxtp_2)
     2    0.01                           CIRCUIT_0.int_memory_1.GATES_5.input2[0] (net)
                  0.04    0.00    0.33 ^ _462_/A1 (sky130_fd_sc_hd__a21o_2)
                  0.02    0.09    0.43 ^ _462_/X (sky130_fd_sc_hd__a21o_2)
     1    0.00                           _035_ (net)
                  0.02    0.00    0.43 ^ _508_/D (sky130_fd_sc_hd__dfxtp_2)
                                  0.43   data arrival time

                  0.15    0.00    0.00   clock io_in[0] (rise edge)
                          0.00    0.00   clock network delay (ideal)
                          0.25    0.25   clock uncertainty
                          0.00    0.25   clock reconvergence pessimism
                                  0.25 ^ _508_/CLK (sky130_fd_sc_hd__dfxtp_2)
                         -0.01    0.24   library hold time
                                  0.24   data required time
-----------------------------------------------------------------------------
                                  0.24   data required time
                                 -0.43   data arrival time
-----------------------------------------------------------------------------
                                  0.19   slack (MET)


Startpoint: _488_ (rising edge-triggered flip-flop clocked by io_in[0])
Endpoint: _488_ (rising edge-triggered flip-flop clocked by io_in[0])
Path Group: io_in[0]
Path Type: min

Fanout     Cap    Slew   Delay    Time   Description
-----------------------------------------------------------------------------
                  0.15    0.00    0.00   clock io_in[0] (rise edge)
                          0.00    0.00   clock network delay (ideal)
                  0.15    0.00    0.00 ^ _488_/CLK (sky130_fd_sc_hd__dfxtp_2)
                  0.04    0.33    0.33 ^ _488_/Q (sky130_fd_sc_hd__dfxtp_2)
     2    0.01                           CIRCUIT_0.int_memory_1.GATES_6.input2[0] (net)
                  0.04    0.00    0.33 ^ _432_/A1 (sky130_fd_sc_hd__a21o_2)
                  0.03    0.09    0.43 ^ _432_/X (sky130_fd_sc_hd__a21o_2)
     1    0.00                           _039_ (net)
                  0.03    0.00    0.43 ^ _488_/D (sky130_fd_sc_hd__dfxtp_2)
                                  0.43   data arrival time

                  0.15    0.00    0.00   clock io_in[0] (rise edge)
                          0.00    0.00   clock network delay (ideal)
                          0.25    0.25   clock uncertainty
                          0.00    0.25   clock reconvergence pessimism
                                  0.25 ^ _488_/CLK (sky130_fd_sc_hd__dfxtp_2)
                         -0.01    0.24   library hold time
                                  0.24   data required time
-----------------------------------------------------------------------------
                                  0.24   data required time
                                 -0.43   data arrival time
-----------------------------------------------------------------------------
                                  0.19   slack (MET)


Startpoint: _509_ (rising edge-triggered flip-flop clocked by io_in[0])
Endpoint: _509_ (rising edge-triggered flip-flop clocked by io_in[0])
Path Group: io_in[0]
Path Type: min

Fanout     Cap    Slew   Delay    Time   Description
-----------------------------------------------------------------------------
                  0.15    0.00    0.00   clock io_in[0] (rise edge)
                          0.00    0.00   clock network delay (ideal)
                  0.15    0.00    0.00 ^ _509_/CLK (sky130_fd_sc_hd__dfxtp_2)
                  0.04    0.33    0.33 ^ _509_/Q (sky130_fd_sc_hd__dfxtp_2)
     2    0.01                           CIRCUIT_0.int_memory_1.GATES_5.input2[1] (net)
                  0.04    0.00    0.33 ^ _463_/A1 (sky130_fd_sc_hd__a21o_2)
                  0.02    0.09    0.43 ^ _463_/X (sky130_fd_sc_hd__a21o_2)
     1    0.00                           _036_ (net)
                  0.02    0.00    0.43 ^ _509_/D (sky130_fd_sc_hd__dfxtp_2)
                                  0.43   data arrival time

                  0.15    0.00    0.00   clock io_in[0] (rise edge)
                          0.00    0.00   clock network delay (ideal)
                          0.25    0.25   clock uncertainty
                          0.00    0.25   clock reconvergence pessimism
                                  0.25 ^ _509_/CLK (sky130_fd_sc_hd__dfxtp_2)
                         -0.01    0.24   library hold time
                                  0.24   data required time
-----------------------------------------------------------------------------
                                  0.24   data required time
                                 -0.43   data arrival time
-----------------------------------------------------------------------------
                                  0.19   slack (MET)


Startpoint: _510_ (rising edge-triggered flip-flop clocked by io_in[0])
Endpoint: _510_ (rising edge-triggered flip-flop clocked by io_in[0])
Path Group: io_in[0]
Path Type: min

Fanout     Cap    Slew   Delay    Time   Description
-----------------------------------------------------------------------------
                  0.15    0.00    0.00   clock io_in[0] (rise edge)
                          0.00    0.00   clock network delay (ideal)
                  0.15    0.00    0.00 ^ _510_/CLK (sky130_fd_sc_hd__dfxtp_2)
                  0.04    0.33    0.33 ^ _510_/Q (sky130_fd_sc_hd__dfxtp_2)
     2    0.01                           CIRCUIT_0.int_memory_1.GATES_5.input2[2] (net)
                  0.04    0.00    0.33 ^ _464_/A1 (sky130_fd_sc_hd__a21o_2)
                  0.02    0.09    0.43 ^ _464_/X (sky130_fd_sc_hd__a21o_2)
     1    0.00                           _037_ (net)
                  0.02    0.00    0.43 ^ _510_/D (sky130_fd_sc_hd__dfxtp_2)
                                  0.43   data arrival time

                  0.15    0.00    0.00   clock io_in[0] (rise edge)
                          0.00    0.00   clock network delay (ideal)
                          0.25    0.25   clock uncertainty
                          0.00    0.25   clock reconvergence pessimism
                                  0.25 ^ _510_/CLK (sky130_fd_sc_hd__dfxtp_2)
                         -0.01    0.24   library hold time
                                  0.24   data required time
-----------------------------------------------------------------------------
                                  0.24   data required time
                                 -0.43   data arrival time
-----------------------------------------------------------------------------
                                  0.19   slack (MET)


